
> agent@0.0.1 build
> nest build

npm : [96msrc/modules/ai/ai.service.ts[0m:[9
3m5[0m:[93m59[0m - [91merror[0m[90m 
TS2307: [0mCannot find module 
'langchain/agents' or its corresponding type 
declarations.
En línea: 1 Carácter: 1
+ npm run build > build_output.txt 2>&1; 
Get-Content build_output.txt - ...
+ ~~~~~~~~~~~~~~~~~~~~~~~~~~~~~~~~~~~~~
    + CategoryInfo          : NotSpecified: ( 
   [96msrc/module...e declarations.:String) [  
  ], RemoteException
    + FullyQualifiedErrorId : NativeCommandErr 
   or
 

[7m5[0m import { AgentExecutor, 
createOpenAIFunctionsAgent } from 
'langchain/agents';
[7m [0m [91m                                
                          
~~~~~~~~~~~~~~~~~~[0m
[96msrc/modules/products/products.service.ts[
0m:[93m47[0m:[93m68[0m - 
[91merror[0m[90m TS2345: [0mArgument of 
type 'string | undefined' is not assignable to 
parameter of type 'string'.
  Type 'undefined' is not assignable to type 
'string'.

[7m47[0m                 const embedding = 
await 
this.embeddings.embedQuery(prod.description);
[7m  [0m [91m                               
                                    
~~~~~~~~~~~~~~~~[0m
[96msrc/modules/whatsapp/whatsapp.controller.t
s[0m:[93m46[0m:[93m26[0m - 
[91merror[0m[90m TS18048: 
[0m'message.text' is possibly 'undefined'.

[7m46[0m             const text = 
message.text.body;
[7m  [0m [91m                         
~~~~~~~~~~~~[0m
[96msrc/modules/whatsapp/whatsapp.service.ts[
0m:[93m13[0m:[93m9[0m - 
[91merror[0m[90m TS2322: [0mType 'string | 
undefined' is not assignable to type 'string'.
  Type 'undefined' is not assignable to type 
'string'.

[7m13[0m         this.accessToken = this.conf
igService.get<string>('WHATSAPP_TOKEN');
[7m  [0m [91m        ~~~~~~~~~~~~~~~~[0m
[96msrc/modules/whatsapp/whatsapp.service.ts[
0m:[93m14[0m:[93m9[0m - 
[91merror[0m[90m TS2322: [0mType 'string | 
undefined' is not assignable to type 'string'.
  Type 'undefined' is not assignable to type 
'string'.

[7m14[0m         this.phoneNumberId = this.co
nfigService.get<string>('WHATSAPP_PHONE_NUMBER_
ID');
[7m  [0m [91m        ~~~~~~~~~~~~~~~~~~[0m

Found 5 error(s).

